// Jest Snapshot v1, https://goo.gl/fbAQLP

exports[`NavBar component should match snapshot 1`] = `
<nav>
  <NavLink
    className="logo"
    to="/"
  >
    Plant Shop
  </NavLink>
  <div>
    <Search />
    <NavLink
      className="nav"
      to="/addPlant"
    >
      Add Plant 
    </NavLink>
    <NavLink
      className="nav"
      to="/lovedPlant"
    >
      Loved Plants
    </NavLink>
  </div>
</nav>
`;
