// Jest Snapshot v1, https://goo.gl/fbAQLP

exports[`App container App should match snapshot with all information passing in correctly 1`] = `
<main>
  <NavBar />
  <Route
    component={[Function]}
    exact={true}
    path="/"
  />
  <Route
    exact={true}
    path="/allPlants"
    render={[Function]}
  />
  <Route
    exact={true}
    path="/plant/:id"
    render={[Function]}
  />
  <Route
    component={
      Object {
        "$$typeof": Symbol(react.memo),
        "WrappedComponent": [Function],
        "compare": null,
        "displayName": "Connect(AddPlants)",
        "type": [Function],
      }
    }
    exact={true}
    path="/addPlants"
  />
</main>
`;
